<?xml version="1.0" encoding="utf-8" ?>
<result>
	<website>Piwik test</website>
	<prettyDate>Sunday, January 3, 2010</prettyDate>
	<metadata>
		<name>Platforms</name>
		<module>PlatformsReport</module>
		<action>getPlatforms</action>
		<dimension>Platform</dimension>
		<documentation>Displays visitors for each Device Type, OS family and Browser combination.</documentation>
		<metrics>
			<nb_visits>Visits</nb_visits>
			<nb_uniq_visitors>Unique visitors</nb_uniq_visitors>
			<nb_actions>Actions</nb_actions>
			<nb_users>Users</nb_users>
		</metrics>
		<metricsDocumentation>
			<nb_visits>If a visitor comes to your website for the first time or if he visits a page more than 30 minutes after his last page view, this will be recorded as a new visit.</nb_visits>
			<nb_uniq_visitors>The number of unduplicated visitors coming to your website. Every user is only counted once, even if he visits the website multiple times a day.</nb_uniq_visitors>
			<nb_actions>The number of actions performed by your visitors. Actions can be page views, internal site searches, downloads or outlinks.</nb_actions>
			<nb_users>The number of users logged in your website. It is the number of unique active users that have a User ID set (via the Tracking code function 'setUserId').</nb_users>
			<nb_actions_per_visit>The average number of actions (page views, site searches, downloads or outlinks) that were performed during the visits.</nb_actions_per_visit>
			<avg_time_on_site>The average duration of a visit.</avg_time_on_site>
			<bounce_rate>The percentage of visits that only had a single pageview. This means, that the visitor left the website directly from the entrance page.</bounce_rate>
			<conversion_rate>The percentage of visits that triggered a goal conversion.</conversion_rate>
		</metricsDocumentation>
		<processedMetrics>
			<nb_actions_per_visit>Actions per Visit</nb_actions_per_visit>
			<avg_time_on_site>Avg. Time on Website</avg_time_on_site>
			<bounce_rate>Bounce Rate</bounce_rate>
			<conversion_rate>Conversion Rate</conversion_rate>
		</processedMetrics>
		<imageGraphUrl>index.php?module=API&amp;method=ImageGraph.get&amp;idSite=1&amp;apiModule=PlatformsReport&amp;apiAction=getPlatforms&amp;period=day&amp;date=2010-01-03</imageGraphUrl>
		<imageGraphEvolutionUrl>index.php?module=API&amp;method=ImageGraph.get&amp;idSite=1&amp;apiModule=PlatformsReport&amp;apiAction=getPlatforms&amp;period=day&amp;date=2009-12-05,2010-01-03</imageGraphEvolutionUrl>
		<uniqueId>PlatformsReport_getPlatforms</uniqueId>
	</metadata>
	<columns>
		<label>Platform</label>
		<nb_visits>Visits</nb_visits>
		<nb_uniq_visitors>Unique visitors</nb_uniq_visitors>
		<nb_actions>Actions</nb_actions>
		<nb_users>Users</nb_users>
		<nb_actions_per_visit>Actions per Visit</nb_actions_per_visit>
		<avg_time_on_site>Avg. Time on Website</avg_time_on_site>
		<bounce_rate>Bounce Rate</bounce_rate>
		<conversion_rate>Conversion Rate</conversion_rate>
	</columns>
	<reportData>
		<row>
			<label>Desktop / GNU/Linux / Firefox</label>
			<nb_uniq_visitors>2</nb_uniq_visitors>
			<nb_visits>10</nb_visits>
			<nb_actions>10</nb_actions>
			<nb_users>0</nb_users>
			<conversion_rate>0%</conversion_rate>
			<nb_actions_per_visit>1</nb_actions_per_visit>
			<avg_time_on_site>00:00:00</avg_time_on_site>
			<bounce_rate>100%</bounce_rate>
		</row>
		<row>
			<label>Desktop / Windows / Internet Explorer</label>
			<nb_uniq_visitors>2</nb_uniq_visitors>
			<nb_visits>10</nb_visits>
			<nb_actions>10</nb_actions>
			<nb_users>0</nb_users>
			<conversion_rate>0%</conversion_rate>
			<nb_actions_per_visit>1</nb_actions_per_visit>
			<avg_time_on_site>00:00:00</avg_time_on_site>
			<bounce_rate>100%</bounce_rate>
		</row>
		<row>
			<label>Desktop / GNU/Linux / Chrome</label>
			<nb_uniq_visitors>1</nb_uniq_visitors>
			<nb_visits>5</nb_visits>
			<nb_actions>5</nb_actions>
			<nb_users>0</nb_users>
			<conversion_rate>0%</conversion_rate>
			<nb_actions_per_visit>1</nb_actions_per_visit>
			<avg_time_on_site>00:00:00</avg_time_on_site>
			<bounce_rate>100%</bounce_rate>
		</row>
		<row>
			<label>Desktop / GNU/Linux / Safari</label>
			<nb_uniq_visitors>1</nb_uniq_visitors>
			<nb_visits>5</nb_visits>
			<nb_actions>5</nb_actions>
			<nb_users>0</nb_users>
			<conversion_rate>0%</conversion_rate>
			<nb_actions_per_visit>1</nb_actions_per_visit>
			<avg_time_on_site>00:00:00</avg_time_on_site>
			<bounce_rate>100%</bounce_rate>
		</row>
		<row>
			<label>Desktop / Mac / Opera</label>
			<nb_uniq_visitors>1</nb_uniq_visitors>
			<nb_visits>5</nb_visits>
			<nb_actions>5</nb_actions>
			<nb_users>0</nb_users>
			<conversion_rate>0%</conversion_rate>
			<nb_actions_per_visit>1</nb_actions_per_visit>
			<avg_time_on_site>00:00:00</avg_time_on_site>
			<bounce_rate>100%</bounce_rate>
		</row>
		<row>
			<label>Desktop / Windows / Chrome</label>
			<nb_uniq_visitors>1</nb_uniq_visitors>
			<nb_visits>5</nb_visits>
			<nb_actions>5</nb_actions>
			<nb_users>0</nb_users>
			<conversion_rate>0%</conversion_rate>
			<nb_actions_per_visit>1</nb_actions_per_visit>
			<avg_time_on_site>00:00:00</avg_time_on_site>
			<bounce_rate>100%</bounce_rate>
		</row>
		<row>
			<label>Desktop / Windows / Firefox</label>
			<nb_uniq_visitors>1</nb_uniq_visitors>
			<nb_visits>5</nb_visits>
			<nb_actions>5</nb_actions>
			<nb_users>0</nb_users>
			<conversion_rate>0%</conversion_rate>
			<nb_actions_per_visit>1</nb_actions_per_visit>
			<avg_time_on_site>00:00:00</avg_time_on_site>
			<bounce_rate>100%</bounce_rate>
		</row>
		<row>
			<label>Portable media player / iOS / Opera</label>
			<nb_uniq_visitors>1</nb_uniq_visitors>
			<nb_visits>5</nb_visits>
			<nb_actions>5</nb_actions>
			<nb_users>0</nb_users>
			<conversion_rate>0%</conversion_rate>
			<nb_actions_per_visit>1</nb_actions_per_visit>
			<avg_time_on_site>00:00:00</avg_time_on_site>
			<bounce_rate>100%</bounce_rate>
		</row>
		<row>
			<label>Smartphone / Android / Chrome</label>
			<nb_uniq_visitors>1</nb_uniq_visitors>
			<nb_visits>5</nb_visits>
			<nb_actions>5</nb_actions>
			<nb_users>0</nb_users>
			<conversion_rate>0%</conversion_rate>
			<nb_actions_per_visit>1</nb_actions_per_visit>
			<avg_time_on_site>00:00:00</avg_time_on_site>
			<bounce_rate>100%</bounce_rate>
		</row>
		<row>
			<label>Smartphone / Android / Firefox</label>
			<nb_uniq_visitors>1</nb_uniq_visitors>
			<nb_visits>5</nb_visits>
			<nb_actions>5</nb_actions>
			<nb_users>0</nb_users>
			<conversion_rate>0%</conversion_rate>
			<nb_actions_per_visit>1</nb_actions_per_visit>
			<avg_time_on_site>00:00:00</avg_time_on_site>
			<bounce_rate>100%</bounce_rate>
		</row>
		<row>
			<label>Smartphone / Android / Internet Explorer</label>
			<nb_uniq_visitors>1</nb_uniq_visitors>
			<nb_visits>5</nb_visits>
			<nb_actions>5</nb_actions>
			<nb_users>0</nb_users>
			<conversion_rate>0%</conversion_rate>
			<nb_actions_per_visit>1</nb_actions_per_visit>
			<avg_time_on_site>00:00:00</avg_time_on_site>
			<bounce_rate>100%</bounce_rate>
		</row>
		<row>
			<label>Tablet / iOS / Firefox</label>
			<nb_uniq_visitors>1</nb_uniq_visitors>
			<nb_visits>5</nb_visits>
			<nb_actions>5</nb_actions>
			<nb_users>0</nb_users>
			<conversion_rate>0%</conversion_rate>
			<nb_actions_per_visit>1</nb_actions_per_visit>
			<avg_time_on_site>00:00:00</avg_time_on_site>
			<bounce_rate>100%</bounce_rate>
		</row>
		<row>
			<label>Tablet / iOS / Mobile Safari</label>
			<nb_uniq_visitors>1</nb_uniq_visitors>
			<nb_visits>5</nb_visits>
			<nb_actions>5</nb_actions>
			<nb_users>0</nb_users>
			<conversion_rate>0%</conversion_rate>
			<nb_actions_per_visit>1</nb_actions_per_visit>
			<avg_time_on_site>00:00:00</avg_time_on_site>
			<bounce_rate>100%</bounce_rate>
		</row>
	</reportData>
	<reportMetadata />
	<reportTotal>
		<nb_visits>75</nb_visits>
		<nb_uniq_visitors>15</nb_uniq_visitors>
		<nb_actions>75</nb_actions>
		<nb_visits_converted>0</nb_visits_converted>
		<bounce_count>75</bounce_count>
	</reportTotal>
</result>